// Jest Snapshot v1, https://goo.gl/fbAQLP

exports[`markdown page should extract any content above <!-- more --> as excerpt 1`] = `
<h1 id="excerpt"><a class="header-anchor" href="#excerpt" aria-hidden="true">#</a> Excerpt</h1>
<p>Blablabla...</p>
`;
